  ──────────────────────────────────────────────────────────────────────
  CHAMPIONSHIP-END GATES (podium · tie-break · certificate · reset · routing)
  [32m✓[0m C#1 podium rows === final standings (name/points/order) [2m1.זוזי 30  2.ניצוץ 24  3.פלדה 18  4.נורית 15  5.זמזום 12  6.טיפה 9  7.כפתור 6  8.רעשן 3[0m
  [32m✓[0m C#1 no "undefined" anywhere in the podium      [2mclean[0m
  [32m✓[0m C#1 podium total matches the player row        [2mtotal 24[0m
  [32m✓[0m C#2 each podium step shows its own racer's kart [2mkart:zuzi kart:nitzotz kart:plada[0m
  [32m✓[0m C#3 tie 24–24 (player takes it): table follows the tie-break [2m1.ניצוץ 24*  2.זוזי 24[0m
  [32m✓[0m C#3 tie 24–24 (player takes it): header place === table place [2mtable P1 · "כל הכבוד, ניצוץ! לקחתם את גביע מרוץ הפרומפטים."[0m
  [32m✓[0m C#3 tie 24–24 (rival takes it): table follows the tie-break [2m1.זוזי 24  2.ניצוץ 24*[0m
  [32m✓[0m C#3 tie 24–24 (rival takes it): header place === table place [2mtable P2 · "סיימתם את האליפות במקום השני, ניצוץ. מרוץ יפה!"[0m
  [32m✓[0m C#4 podium CTA opens the certificate           
  [32m✓[0m C#4 certificate quotes the player's best prompt [2m"מנוע קליל שמאיץ מהר ביציאה מפנייה, בלי ל…"[0m
  [32m✓[0m C#4 certificate names what was learned         
  [32m✓[0m C#4 certificate → main menu                    [2mok, scene=menu[0m
  [32m✓[0m C#5 new championship clears the whole ledger   [2mrace=0 results=0 tokens=0 parts=0 bestPrompt=cleared[0m
  [32m✓[0m C#5 new championship lands on racer select, not a black screen [2mscene=select, 8 cards, 5 buttons[0m
  [32m✓[0m C#5 championshipsDone counted exactly once     [2mchampionshipsDone=1[0m
  [32m✓[0m C#6 finished championship offers no "continue" [2mאליפות חדשה | לטבלת האליפות | המוסך של בורג[0m
  [32m✓[0m C#7 no save → the sandbox garage               [2m{"garage":true,"sandbox":true,"real":false,"podium":false}[0m
  [32m✓[0m C#7 championship in progress → the REAL garage [2m{"garage":true,"sandbox":false,"real":true,"podium":false}[0m
  [32m✓[0m C#7 championship finished → still the podium   [2m{"garage":false,"sandbox":false,"real":false,"podium":true}[0m
  [32m✓[0m no page errors during whole flow               
  ──────────────────────────────────────────────────────────────────────
  20/20 passed

