
  GARAGE — TOKEN ECONOMY
  ──────────────────────────────────────────────────────────────────────────
  [32m✓[0m cheapest complete ask is 4 for every part                  [2m{"engine":4,"tires":4,"wing":4,"chassis":4}[0m
  [32m✓[0m most expensive ask is 21 for every part                    [2m{"engine":21,"tires":21,"wing":21,"chassis":21}[0m
  [32m✓[0m MAX_COST is still 21                                       [2mMAX_COST=21, part=4[0m
  [32m✓[0m no two option cards share label + fragment                 [2m48 options, 0 duplicates[0m
  [32m✓[0m row "goal" offers 4 options per part                       [2m4/4/4/4[0m
  [32m✓[0m row "constraint" offers 4 options per part                 [2m4/4/4/4[0m
  [32m✓[0m row "style" offers 4 options per part                      [2m4/4/4/4[0m

  GARAGE — THE WIZARD
  ──────────────────────────────────────────────────────────────────────────
  [32m✓[0m opens on step 1 of 4                                       [2mשלב ⁦1⁩ מתוך ‎4 · "איזה חלק?"[0m
  [32m✓[0m only one question is on the board                          [2m4 cards[0m
  [32m✓[0m back is disabled on the first step                         [2m[0m
  [32m✓[0m steps 2–4 are locked before step 1 is answered             [2mopen,lock,lock,lock[0m
  [32m✓[0m step 1: choosing a card advances the wizard                [2m0 → 1[0m
  [32m✓[0m step 1: the sentence gained exactly one fragment           [2m4 blanks → 3[0m
  [32m✓[0m step 1: the sentence carries the words on the card         [2m"סט צמיגים חדש"[0m
  [32m✓[0m step 1: Boreg's tip is not the previous one                [2mstep.part.ask → step.goal.ask[0m
  [32m✓[0m step 2: choosing a card advances the wizard                [2m1 → 2[0m
  [32m✓[0m step 2: the sentence gained exactly one fragment           [2m3 blanks → 2[0m
  [32m✓[0m step 2: the sentence carries the words on the card         [2m"כדי שאחליק פחות"[0m
  [32m✓[0m step 2: Boreg's tip is not the previous one                [2mstep.goal.ask → step.constraint.ask[0m
  [32m✓[0m step 3: choosing a card advances the wizard                [2m2 → 3[0m
  [32m✓[0m step 3: the sentence gained exactly one fragment           [2m2 blanks → 1[0m
  [32m✓[0m step 3: the sentence carries the words on the card         [2m"בלי לקלקל את שאר הנסיעה"[0m
  [32m✓[0m step 3: Boreg's tip is not the previous one                [2mstep.constraint.ask → step.style.ask[0m
  [32m✓[0m step 4: choosing a card advances the wizard                [2m3 → 3[0m
  [32m✓[0m step 4: the sentence gained exactly one fragment           [2m1 blanks → 0[0m
  [32m✓[0m step 4: the sentence carries the words on the card         [2m"ועם דופן בצבע חול"[0m
  [32m✓[0m step 4: Boreg's tip is not the previous one                [2mstep.style.ask → step.style.1[0m
  [32m✓[0m all four questions were shown                              [2mאיזה חלק? | מה לשפר? | מה אסור להרוס? | איך זה ייראה? | איך זה ייראה?[0m
  [32m✓[0m the sentence emptied its blanks one at a time              [2m4,3,2,1,0[0m
  [32m✓[0m no tip was ever shown twice in a row                       [2mstep.part.ask → step.goal.ask → step.constraint.ask → step.style.ask → step.style.1[0m
  [32m✓[0m the build button unlocks only once all four are answered   [2m[0m
  [32m✓[0m the finished sentence has no blanks left                   [2m"בורג, בנה לי סט צמיגים חדש כדי שאחליק פחות, בלי לקלקל את שאר הנסיעה ועם דופן בצב…"[0m
  [32m✓[0m the kart window names the part being previewed             [2mתצוגה חיהצמיגי חול[0m

  GARAGE — GOING BACK
  ──────────────────────────────────────────────────────────────────────────
  [32m✓[0m the Back button moves one step back                        [2mnow on step 3[0m
  [32m✓[0m the answer that step already had is still selected         [2m[0m
  [32m✓[0m going back does NOT empty the sentence                     [2m0 blanks[0m
  [32m✓[0m the progress rail jumps back to any answered step          [2mnow on step 1[0m
  [32m✓[0m Boreg follows the step you jumped to                       [2mstep.constraint.1 → step.part.tires[0m
  [32m✓[0m changing the choice inside a step changes the tip          [2mstep.goal.1 → step.goal.0[0m
  [32m✓[0m the tip quotes the card that is selected right now         [2mstep.goal.0[0m
  [32m✓[0m the rail cannot skip forward past an unanswered step       [2mstep 1[0m

  GARAGE — ONE CATALOG PER PART
  ──────────────────────────────────────────────────────────────────────────
  [32m✓[0m choosing a different part clears the downstream answers    [2mstep 2, 3 blanks[0m
  [32m✓[0m two parts never offer the same "improve" cards             [2mשאסע מהר יותר vs שהקארט יהיה יציב יותר[0m
  [32m✓[0m the part row itself is unchanged by all this               [2mמנוע, צמיגים, כנף, שלדה[0m

  GARAGE — BUILD → DEBRIEF → onDone
  ──────────────────────────────────────────────────────────────────────────
  [32m✓[0m the build opens the debrief                                [2m[0m
  [32m✓[0m the debrief shows the kart before and after                [2mמהירות⁦52⁩←⁦55⁩ | תאוצה⁦48⁩←⁦56⁩ | אחיזה⁦50⁩←⁦57⁩ | משקל⁦50⁩←⁦53⁩[0m
  [32m✓[0m …with a real before → after per stat                       [2mמהירות⁦52⁩←⁦55⁩[0m
  [32m✓[0m onDone fired                                               [2mgain=4[0m
  [32m✓[0m   part.slotKey is a kart slot                              [2mtires[0m
  [32m✓[0m   part.tier is 0..3                                        [2m1[0m
  [32m✓[0m   part.score is a number 0..100                            [2m41[0m
  [32m✓[0m   part.cost is the real spend                              [2m11[0m
  [32m✓[0m   part.visualTier is a name                                [2mbasic[0m
  [32m✓[0m   part.selection has all four rows                         [2m{"part":"tires","goal":"tires.slip","constraint":"tires.nothing","style":"tires.sand"}[0m
  [32m✓[0m   part.selection rows all belong to that part              [2m{"part":"tires","goal":"tires.slip","constraint":"tires.nothing","style":"tires.sand"}[0m
  [32m✓[0m   part.deltas cover the four stats                         [2m{"speed":3,"accel":8,"handling":7,"weight":3}[0m
  [32m✓[0m   part.stats are the applied kart stats                    [2m{"speed":55,"accel":56,"handling":57,"weight":53}[0m
  [32m✓[0m   part.complete is true                                    [2m[0m
  [32m✓[0m   part.flavourKeyHe points at this part+tier               [2mgarage.flavour.tires.1[0m
  [32m✓[0m the token reward is a capped bonus                         [2m4[0m

  GARAGE — PRACTICE MODE
  ──────────────────────────────────────────────────────────────────────────
  [32m✓[0m free play carries the practice badge                       [2mאימון· תרגול חופשי, שום דבר לא נשמר[0m
  [32m✓[0m …and says its tokens are practice tokens                   [2mנשארו / טוקני אימון[0m
  [32m✓[0m championship mode carries the championship badge           [2m(checked below)[0m
  [32m✓[0m championship garage is labelled אליפות                     [2mאליפות· החלק נשמר לקארט[0m
  [32m✓[0m free play still gives the full debrief                     [2mעוד פרומפט / חזרה לתפריט[0m
  [32m✓[0m …but never offers to install a part                        [2mעוד פרומפט / חזרה לתפריט[0m
  [32m✓[0m …and calls no onDone                                       [2m[0m
  [32m✓[0m no page errors anywhere                                    [2m[0m
  ──────────────────────────────────────────────────────────────────────────
  [32mall garage checks passed[0m

