
> kart-project@1.0.0 layout
> npm run layout:menu && npm run layout:select && npm run layout:garage && npm run layout:race && npm run layout:podium


> kart-project@1.0.0 layout:menu
> node tools/layoutcheck.mjs --dist --scene menu


  LAYOUT CHECK  dist
  ──────────────────────────────────────────────────────────────────────────
  [2m── lang he ──[0m
  [32m✓[0m 1920x1080clipped:0  overlap:0  offscreen:0  small-target:0  tiny-text:0
  [32m✓[0m 1600x900clipped:0  overlap:0  offscreen:0  small-target:0  tiny-text:0
  [32m✓[0m 1440x900clipped:0  overlap:0  offscreen:0  small-target:0  tiny-text:0
  [32m✓[0m 1366x768clipped:0  overlap:0  offscreen:0  small-target:0  tiny-text:0
  [32m✓[0m 1280x720clipped:0  overlap:0  offscreen:0  small-target:0  tiny-text:0
  [32m✓[0m 1024x640clipped:0  overlap:0  offscreen:0  small-target:0  tiny-text:0
  [2m── lang en ──[0m
  [32m✓[0m 1920x1080clipped:0  overlap:0  offscreen:0  small-target:0  tiny-text:0
  [32m✓[0m 1600x900clipped:0  overlap:0  offscreen:0  small-target:0  tiny-text:0
  [32m✓[0m 1440x900clipped:0  overlap:0  offscreen:0  small-target:0  tiny-text:0
  [32m✓[0m 1366x768clipped:0  overlap:0  offscreen:0  small-target:0  tiny-text:0
  [32m✓[0m 1280x720clipped:0  overlap:0  offscreen:0  small-target:0  tiny-text:0
  [32m✓[0m 1024x640clipped:0  overlap:0  offscreen:0  small-target:0  tiny-text:0
  ──────────────────────────────────────────────────────────────────────────
  [32mno clipping, overlap or off-screen readouts at any resolution (he/en)[0m


> kart-project@1.0.0 layout:select
> node tools/layoutcheck.mjs --dist --scene select


  LAYOUT CHECK  dist
  ──────────────────────────────────────────────────────────────────────────
  [2m── lang he ──[0m
  [32m✓[0m 1920x1080clipped:0  overlap:0  offscreen:0  small-target:0  tiny-text:0
  [32m✓[0m 1600x900clipped:0  overlap:0  offscreen:0  small-target:0  tiny-text:0
  [32m✓[0m 1440x900clipped:0  overlap:0  offscreen:0  small-target:0  tiny-text:0
  [32m✓[0m 1366x768clipped:0  overlap:0  offscreen:0  small-target:0  tiny-text:0
  [32m✓[0m 1280x720clipped:0  overlap:0  offscreen:0  small-target:0  tiny-text:0
  [32m✓[0m 1024x640clipped:0  overlap:0  offscreen:0  small-target:0  tiny-text:0
  [2m── lang en ──[0m
  [32m✓[0m 1920x1080clipped:0  overlap:0  offscreen:0  small-target:0  tiny-text:0
  [32m✓[0m 1600x900clipped:0  overlap:0  offscreen:0  small-target:0  tiny-text:0
  [32m✓[0m 1440x900clipped:0  overlap:0  offscreen:0  small-target:0  tiny-text:0
  [32m✓[0m 1366x768clipped:0  overlap:0  offscreen:0  small-target:0  tiny-text:0
  [32m✓[0m 1280x720clipped:0  overlap:0  offscreen:0  small-target:0  tiny-text:0
  [32m✓[0m 1024x640clipped:0  overlap:0  offscreen:0  small-target:0  tiny-text:0
  ──────────────────────────────────────────────────────────────────────────
  [32mno clipping, overlap or off-screen readouts at any resolution (he/en)[0m


> kart-project@1.0.0 layout:garage
> node tools/layoutcheck.mjs --dist --scene garage


  LAYOUT CHECK  dist
  ──────────────────────────────────────────────────────────────────────────
  [2m── lang he ──[0m
  [32m✓[0m 1920x1080clipped:0  overlap:0  offscreen:0  small-target:0  tiny-text:0
  [32m✓[0m 1600x900clipped:0  overlap:0  offscreen:0  small-target:0  tiny-text:0
  [32m✓[0m 1440x900clipped:0  overlap:0  offscreen:0  small-target:0  tiny-text:0
  [32m✓[0m 1366x768clipped:0  overlap:0  offscreen:0  small-target:0  tiny-text:0
  [32m✓[0m 1280x720clipped:0  overlap:0  offscreen:0  small-target:0  tiny-text:0
  [32m✓[0m 1024x640clipped:0  overlap:0  offscreen:0  small-target:0  tiny-text:0
  [2m── lang en ──[0m
  [32m✓[0m 1920x1080clipped:0  overlap:0  offscreen:0  small-target:0  tiny-text:0
  [32m✓[0m 1600x900clipped:0  overlap:0  offscreen:0  small-target:0  tiny-text:0
  [32m✓[0m 1440x900clipped:0  overlap:0  offscreen:0  small-target:0  tiny-text:0
  [32m✓[0m 1366x768clipped:0  overlap:0  offscreen:0  small-target:0  tiny-text:0
  [32m✓[0m 1280x720clipped:0  overlap:0  offscreen:0  small-target:0  tiny-text:0
  [32m✓[0m 1024x640clipped:0  overlap:0  offscreen:0  small-target:0  tiny-text:0
  ──────────────────────────────────────────────────────────────────────────
  [32mno clipping, overlap or off-screen readouts at any resolution (he/en)[0m


> kart-project@1.0.0 layout:race
> node tools/layoutcheck.mjs --dist --scene race


  LAYOUT CHECK  dist
  ──────────────────────────────────────────────────────────────────────────
  [2m── lang he ──[0m
  [32m✓[0m 1920x1080clipped:0  overlap:0  offscreen:0  small-target:0  tiny-text:0
  [32m✓[0m 1600x900clipped:0  overlap:0  offscreen:0  small-target:0  tiny-text:0
  [32m✓[0m 1440x900clipped:0  overlap:0  offscreen:0  small-target:0  tiny-text:0
  [32m✓[0m 1366x768clipped:0  overlap:0  offscreen:0  small-target:0  tiny-text:0
  [32m✓[0m 1280x720clipped:0  overlap:0  offscreen:0  small-target:0  tiny-text:0
  [32m✓[0m 1024x640clipped:0  overlap:0  offscreen:0  small-target:0  tiny-text:0
  [2m── lang en ──[0m
  [32m✓[0m 1920x1080clipped:0  overlap:0  offscreen:0  small-target:0  tiny-text:0
  [32m✓[0m 1600x900clipped:0  overlap:0  offscreen:0  small-target:0  tiny-text:0
  [32m✓[0m 1440x900clipped:0  overlap:0  offscreen:0  small-target:0  tiny-text:0
  [32m✓[0m 1366x768clipped:0  overlap:0  offscreen:0  small-target:0  tiny-text:0
  [32m✓[0m 1280x720clipped:0  overlap:0  offscreen:0  small-target:0  tiny-text:0
  [32m✓[0m 1024x640clipped:0  overlap:0  offscreen:0  small-target:0  tiny-text:0
  ──────────────────────────────────────────────────────────────────────────
  [32mno clipping, overlap or off-screen readouts at any resolution (he/en)[0m


> kart-project@1.0.0 layout:podium
> node tools/layoutcheck.mjs --dist --scene podium


  LAYOUT CHECK  dist
  ──────────────────────────────────────────────────────────────────────────
  [2m── lang he ──[0m
  [32m✓[0m 1920x1080clipped:0  overlap:0  offscreen:0  small-target:0  tiny-text:0
  [32m✓[0m 1600x900clipped:0  overlap:0  offscreen:0  small-target:0  tiny-text:0
  [32m✓[0m 1440x900clipped:0  overlap:0  offscreen:0  small-target:0  tiny-text:0
  [32m✓[0m 1366x768clipped:0  overlap:0  offscreen:0  small-target:0  tiny-text:0
  [32m✓[0m 1280x720clipped:0  overlap:0  offscreen:0  small-target:0  tiny-text:0
  [32m✓[0m 1024x640clipped:0  overlap:0  offscreen:0  small-target:0  tiny-text:0
  [2m── lang en ──[0m
  [32m✓[0m 1920x1080clipped:0  overlap:0  offscreen:0  small-target:0  tiny-text:0
  [32m✓[0m 1600x900clipped:0  overlap:0  offscreen:0  small-target:0  tiny-text:0
  [32m✓[0m 1440x900clipped:0  overlap:0  offscreen:0  small-target:0  tiny-text:0
  [32m✓[0m 1366x768clipped:0  overlap:0  offscreen:0  small-target:0  tiny-text:0
  [32m✓[0m 1280x720clipped:0  overlap:0  offscreen:0  small-target:0  tiny-text:0
  [32m✓[0m 1024x640clipped:0  overlap:0  offscreen:0  small-target:0  tiny-text:0
  ──────────────────────────────────────────────────────────────────────────
  [32mno clipping, overlap or off-screen readouts at any resolution (he/en)[0m

