
  PLAYABILITY — full Wave-1 slice at 1366x768
  ──────────────────────────────────────────────────────────────────────
  [32m✓[0m boots to title                                 [2mmenu[0m
  [32m✓[0m start button is clickable                      [2mok[0m
  [32m✓[0m reaches racer select                           [2mselect[0m
  [32m✓[0m start-race button works                        [2mok[0m
  [32m✓[0m reaches race scene                             [2mrace[0m
  [32m✓[0m countdown completed, kart is moving            [2m17.6 m/s, phase=racing[0m
  [32m✓[0m laps are counting                              [2mlap 3, progress 2.60[0m
  [32m✓[0m tokens collectable                             [2m3 tokens[0m
  [32m✓[0m position is tracked                            [2mP8[0m
  [32m✓[0m best lap recorded                              [2m71.85s[0m
  [32m✓[0m race completes → results                       [2mresults[0m
        [2mtokens: 15 pickups + 0 quiz + 6 finish = 21[0m
  [32m✓[0m race token yield stays near the garage budget  [2m21 banked vs ~21 max garage spend[0m
  [32m✓[0m progress persisted to localStorage             [2mrace 1, 27 tokens[0m
  [32m✓[0m results CTA reachable at 1366x768              [2mok[0m
  [32m✓[0m reaches garage                                 [2mgarage[0m
  [32m✓[0m garage slots are selectable                    [2m6 rows engaged[0m
  [32m✓[0m part can be built                              
  [32m✓[0m part can be installed                          [2minstall clicked[0m
  [32m✓[0m parts persisted                                [2m{"engine":0}[0m
  ──────────────────────────────────────────────────────────────────────
  P0 REGRESSION GATES
  [32m✓[0m P0#1 karts face their direction of travel      [2mai0:1.00 ai1:1.00 ai2:1.00[0m
  [32m✓[0m P0#2 ArrowRight steers RIGHT                   [2m3.83 m to the kart's own right[0m
  [32m✓[0m P0#3 no obstruction across the track           [2mclear lap[0m
  [32m✓[0m P0#4 Escape opens a pause overlay              
  [32m✓[0m P0#4 pause freezes the simulation              [2mrace clock advanced 0s[0m
  [32m✓[0m P0#5 audio context running                     [2mstate=running muted=false[0m
  [32m✓[0m P0#5 audio is actually AUDIBLE (non-silent at destination) [2mrms=3.72e-2 peak=0.197[0m
  [32m✓[0m no page errors during whole flow               
  ──────────────────────────────────────────────────────────────────────
  27/27 passed

EXIT=0
