
  PLAYABILITY — full Wave-1 slice at 1366x768
  ──────────────────────────────────────────────────────────────────────
  [32m✓[0m boots to title                                 [2mmenu[0m
  [32m✓[0m start button is clickable                      [2mok[0m
  [32m✓[0m reaches racer select                           [2mselect[0m
  [32m✓[0m start-race button works                        [2mok[0m
  [32m✓[0m reaches race scene                             [2mrace[0m
  [31m✗[0m countdown completed, kart is moving            [2m0.0 m/s, phase=intro[0m
  [31m✗[0m laps are counting                              [2mlap 1, progress 0.00[0m
  [31m✗[0m tokens collectable                             [2m0 tokens[0m
  [32m✓[0m position is tracked                            [2mP1[0m
  [31m✗[0m best lap recorded                              [2mnone[0m
  [31m✗[0m race completes → results                       [2mrace[0m
  [31m✗[0m progress persisted to localStorage             [2mrace 0, 0 tokens[0m
  [31m✗[0m results CTA reachable at 1366x768              [2mno-button[0m
  [31m✗[0m reaches garage                                 [2mrace[0m
  [31m✗[0m garage slots are selectable                    [2m0 rows engaged[0m
  [31m✗[0m part can be built                              
  [31m✗[0m part can be installed                          [2mno install button found[0m
  [31m✗[0m parts persisted                                [2m{}[0m
  ──────────────────────────────────────────────────────────────────────
  P0 REGRESSION GATES
  [32m✓[0m P0#1 karts face their direction of travel      [2mai0:1.00 ai1:1.00 ai2:0.97[0m
  [32m✓[0m P0#2 ArrowRight steers RIGHT                   [2m3.83 m to the kart's own right[0m
  [32m✓[0m P0#3 no obstruction across the track           [2mclear lap[0m
  [32m✓[0m P0#4 Escape opens a pause overlay              
  [32m✓[0m P0#4 pause freezes the simulation              [2mrace clock advanced 0s[0m
  [32m✓[0m P0#5 audio context running                     [2mstate=running muted=false[0m
  [32m✓[0m P0#5 audio is actually AUDIBLE (non-silent at destination) [2mrms=1.08e-2 peak=0.077[0m
  ──────────────────────────────────────────────────────────────────────
  CHAMPIONSHIP-END GATES (podium · tie-break · certificate · reset · routing)
  [32m✓[0m C#1 podium rows === final standings (name/points/order) [2m1.זוזי 30  2.ניצוץ 24  3.פלדה 18  4.נורית 15  5.זמזום 12  6.טיפה 9  7.כפתור 6  8.רעשן 3[0m
  [32m✓[0m C#1 no "undefined" anywhere in the podium      [2mclean[0m
  [32m✓[0m C#1 podium total matches the player row        [2mtotal 24[0m
  [32m✓[0m C#2 each podium step shows its own racer's kart [2mkart:zuzi kart:nitzotz kart:plada[0m
