
> kart-project@1.0.0 modal
> node tools/modaltest.mjs


  MODAL / QUIZ-FREEZE POLICY
  ──────────────────────────────────────────────────────────────────────────

  1. the freeze
  [32m✓[0m the race is running before the quiz                        +1.00s, 18.6m
  [32m✓[0m quiz.openQuestion() puts a panel on screen                 
  [32m✓[0m the quiz reports itself frozen                             
  [32m✓[0m the time scale handed to the race is exactly 0             
  [32m✓[0m quiz open ⇒ ZERO sim steps advance                         race +0.000s, lap +0.000s, moved 0.000m
  [32m✓[0m input is gated off while frozen                            

  2. feedback → Space → 3·2·1 → resume
  [32m✓[0m 1/2/3 answers the question                                 
  [32m✓[0m …and an explanation is shown                               
  [32m✓[0m the feedback is STILL up 12s later (no auto-close)         
  [32m✓[0m …and the world is still frozen behind it                   
  [32m✓[0m Space dismisses the feedback                               
  [32m✓[0m …into the resume countdown, not straight back into the race 
  [32m✓[0m …which shows the HUD 3·2·1 gantry                          
  [32m✓[0m the world is STILL frozen during the countdown             
  [32m✓[0m the quiz is idle after the countdown                       
  [32m✓[0m the race is running again                                  +1.00s, 26.5m
  [32m✓[0m input is handed back                                       

  3. held keys survive the freeze (D12)
  [32m✓[0m a held accelerate key accelerates before the quiz          22.5 m/s
  [32m✓[0m the key is still tracked as held across the freeze         
  [32m✓[0m …and the kart is still accelerating after the resume       22.5 → 22.2 m/s

  3b. a held Space says so instead of doing nothing
  [32m✓[0m a held Space does NOT dismiss the explanation              
  [32m✓[0m …and the panel says to let go of it first                  
  [32m✓[0m …and releasing it, then pressing it, works                 

  4. pause over a frozen quiz
  [32m✓[0m a quiz panel is up                                         
  [32m✓[0m Esc over an open quiz opens the pause menu ON TOP          
  [32m✓[0m …and the quiz is still there underneath                    
  [32m✓[0m Settings opens on top of the pause menu                    
  [32m✓[0m one Escape closes ONLY the top overlay                     1 overlays left
  [32m✓[0m …and the race did NOT restart under the stack              race +0.000s
  [32m✓[0m 1/2/3 do NOT answer the quiz behind the pause menu         
  [32m✓[0m …and neither does a CLICK on an option                     
  [32m✓[0m the quiz answer timer is frozen while paused               100% → 100%
  [32m✓[0m Esc closes the pause menu again                            
  [32m✓[0m …back to the quiz, unchanged                               
  [32m✓[0m resuming from pause does NOT restart the race under the quiz race +0.000s
  [32m✓[0m …and input stays gated off until the quiz lets go          
  [32m✓[0m 1/2/3 answer again once the pause menu is gone             
  [32m✓[0m Space does NOT dismiss the feedback behind the pause menu  
  [32m✓[0m …and neither does a CLICK on the continue button           
  [32m✓[0m …and dismisses it once the pause menu is gone              

  5. integration: the beacons themselves
  [32m✓[0m a quiz beacon opens a panel while driving                  
  [32m✓[0m …and a beacon-opened quiz freezes the world too            

  6. no repeats across the championship
  [32m✓[0m a race draws distinct questions                            mistakes-private-info, iterate-stop-point, tokens-not-words…
  [32m✓[0m the same seed draws the same questions without askedIds    
  [32m✓[0m askedIds are never drawn again                             no overlap
  [32m✓[0m …and the pool is still healthy                             28 questions eligible

  7. the one-time explainers
  [32m✓[0m the token explainer fires during a race                    1 explainer samples
  [32m✓[0m quiz panels were actually sampled                          4 quiz samples
  [32m✓[0m …and the explainer never lands on a live quiz              4 quiz samples, 0 stacked

  8. Escape belongs to the topmost panel
  [32m✓[0m the token explainer is up                                  
  [32m✓[0m Escape closes the token explainer                          
  [32m✓[0m …and does not open the pause menu over it                  
  [32m✓[0m the race is running again afterwards                       +1.00s

  9. pointer parity: click and tap take the keyboard's path
  [32m✓[0m all three runs actually reached a question                 question mistakes-private-info
  [32m✓[0m each run really used the input it claims                   key / pointer / pointer
  [32m✓[0m a real mouse click answers, and lands on the same state as 1/2/3 identical
  [32m✓[0m a real finger tap does too                                 identical
  [31m✗[0m …including the freeze and the reward                       scale 0, tokens 3
  [32m✓[0m the continue BUTTON resumes exactly as Space does          resume / resume / resume
  [32m✓[0m answer targets are big enough for a child's finger         640×46px
  [32m✓[0m the pause menu is over the quiz                            
  [32m✓[0m a real click where the option IS cannot answer a quiz behind the pause menu 
  [31m✗[0m …and the very same click answers once the pause menu is gone 
  [31m✗[0m the continue button is a finger-sized target too           missing
  [31m✗[0m a click on continue in the first fraction of a second does NOT dismiss 
  [31m✗[0m …and dismisses once the explanation has been up long enough 
  [32m✓[0m the page really is LTR for this run                        
  [32m✓[0m a click answers in LTR (English) too                       640×46px

  10. the one-time first-question-box explainer
  [32m✓[0m a fresh save has not seen the question-box explainer       
  [32m✓[0m another panel owns the screen                              
  [32m✓[0m a question box behind another panel opens NOTHING          
  [32m✓[0m …and the one-time flag is left untouched, so the next box explains 
  [32m✓[0m the first question box shows the explainer                 
  [32m✓[0m …instead of the question itself                            
  [32m✓[0m …and only now is the flag written                          
  [31m✗[0m …and the world is frozen behind it, input gated off, like any quiz panel 
  [32m✓[0m …measured: ZERO sim steps while it is up                   race +0.000s, moved 0.000m
  [32m✓[0m it names both halves of what a box does                    
  [32m✓[0m its button is a finger-sized target                        216×48px
  [32m✓[0m clicking it leads straight into the question               
  [32m✓[0m …and the explainer is gone                                 
  [32m✓[0m …with the world still frozen for the question              
  [32m✓[0m the SECOND question box does not explain again             
  [32m✓[0m both outcomes were sampled                                 4 right, 5 wrong
  [32m✓[0m a right answer really does pay tokens AND a turbo          +3 +3 +3 +3
  [32m✓[0m a wrong answer really does cost nothing                    +0 +0 +0 +0 +0
  [32m✓[0m …nor does the next RACE, on the same save                  
  [32m✓[0m no page errors                                             
  ──────────────────────────────────────────────────────────────────────────

  6 FAILED
